C:\Users\cirov\Documents\MCUXpressoIDE_25.6.136\workspace\CMSISv2p00_LPC17xx\inc/core_cm3.h:928:22:NVIC_EnableIRQ	16	static
C:\Users\cirov\Documents\MCUXpressoIDE_25.6.136\workspace\CMSISv2p00_LPC17xx\inc/core_cm3.h:1012:22:NVIC_SetPriority	16	static
../src/main.c:22:5:main	8	static
../src/main.c:36:6:cfgGPIO	24	static
../src/main.c:58:6:cfgDAC	8	static
../src/main.c:64:6:cfgADC	8	static
../src/main.c:74:6:cfgTMR	32	static
../src/main.c:96:6:TIMER0_IRQHandler	24	static
../src/main.c:120:6:ADC_IRQHandler	8	static
